// Vitest Snapshot v1, https://vitest.dev/guide/snapshot.html

exports[`useRedwoodRealtime > should update schema with live directive 1`] = `"@live"`;
