// Vitest Snapshot v1, https://vitest.dev/guide/snapshot.html

exports[`creates a TS component and test 1`] = `
"const TypescriptUser = () => {
  return (
    <div>
      <h2>{'TypescriptUser'}</h2>
      <p>
        {'Find me in ./web/src/components/TypescriptUser/TypescriptUser.tsx'}
      </p>
    </div>
  )
}

export default TypescriptUser
"
`;

exports[`creates a TS component and test 2`] = `
"import { render } from '@redwoodjs/testing/web'

import TypescriptUser from './TypescriptUser'

//   Improve this test with help from the Redwood Testing Doc:
//    https://redwoodjs.com/docs/testing#testing-components

describe('TypescriptUser', () => {
  it('renders successfully', () => {
    expect(() => {
      render(<TypescriptUser />)
    }).not.toThrow()
  })
})
"
`;

exports[`creates a multi word component 1`] = `
"const UserProfile = () => {
  return (
    <div>
      <h2>{'UserProfile'}</h2>
      <p>{'Find me in ./web/src/components/UserProfile/UserProfile.jsx'}</p>
    </div>
  )
}

export default UserProfile
"
`;

exports[`creates a multi word component story 1`] = `
"// Pass props to your component by passing an \`args\` object to your story
//
// \`\`\`jsx
// export const Primary = {
//  args: {
//    propName: propValue
//  }
// }
// \`\`\`
//
// See https://storybook.js.org/docs/react/writing-stories/args.

import UserProfile from './UserProfile'

export default { component: UserProfile }

export const Primary = {}
"
`;

exports[`creates a multi word component test 1`] = `
"import { render } from '@redwoodjs/testing/web'

import UserProfile from './UserProfile'

//   Improve this test with help from the Redwood Testing Doc:
//    https://redwoodjs.com/docs/testing#testing-components

describe('UserProfile', () => {
  it('renders successfully', () => {
    expect(() => {
      render(<UserProfile />)
    }).not.toThrow()
  })
})
"
`;

exports[`creates a single word component 1`] = `
"const User = () => {
  return (
    <div>
      <h2>{'User'}</h2>
      <p>{'Find me in ./web/src/components/User/User.jsx'}</p>
    </div>
  )
}

export default User
"
`;

exports[`creates a single word component story 1`] = `
"// Pass props to your component by passing an \`args\` object to your story
//
// \`\`\`jsx
// export const Primary = {
//  args: {
//    propName: propValue
//  }
// }
// \`\`\`
//
// See https://storybook.js.org/docs/react/writing-stories/args.

import User from './User'

export default { component: User }

export const Primary = {}
"
`;

exports[`creates a single word component test 1`] = `
"import { render } from '@redwoodjs/testing/web'

import User from './User'

//   Improve this test with help from the Redwood Testing Doc:
//    https://redwoodjs.com/docs/testing#testing-components

describe('User', () => {
  it('renders successfully', () => {
    expect(() => {
      render(<User />)
    }).not.toThrow()
  })
})
"
`;
