// Vitest Snapshot v1, https://vitest.dev/guide/snapshot.html

exports[`generates global page imports source maps 1`] = `
{
  "file": "web-routesPages.d.ts",
  "mappings": ";;;;;;;;;;;;AAAA;ACQA;ACRA;ACKA;ACLA;ACAA;ACAA;ACAA",
  "names": [],
  "sources": [
    "../../../web/src/pages/BarPage/BarPage.tsx",
    "../../../web/src/pages/FatalErrorPage/FatalErrorPage.js",
    "../../../web/src/pages/FooPage/FooPage.tsx",
    "../../../web/src/pages/HomePage/HomePage.tsx",
    "../../../web/src/pages/NotFoundPage/NotFoundPage.js",
    "../../../web/src/pages/PrivatePage/PrivatePage.tsx",
    "../../../web/src/pages/TypeScriptPage/TypeScriptPage.tsx",
    "../../../web/src/pages/admin/EditUserPage/EditUserPage.jsx",
  ],
  "version": 3,
}
`;

exports[`generates source maps for the router routes 1`] = `
{
  "file": "web-routerRoutes.d.ts",
  "mappings": ";;;;;;IAiBM;IACA;IACA;IAEE;IACA;IAGA;IAGA;IAGA",
  "names": [],
  "sources": [
    "../../../web/src/Routes.js",
  ],
  "version": 3,
}
`;

exports[`mirror path for directory named modules 1`] = `".redwood/types/mirror/web/src/graphql"`;

exports[`mirror path for directory named modules 2`] = `"../../packages/internal/index.d.ts"`;
